-42
52
32
420
4
2
462
true
false
true
true
false
false
