-10: negative even
-9: negative odd
-8: negative even
-7: negative odd
-6: negative even
-5: negative odd
-4: negative even
-3: negative odd
-2: negative even
-1: negative odd
0: zero
1: positive odd
2: positive even
3: positive odd
4: positive even
5: positive odd
6: positive even
7: positive odd
8: positive even
9: positive odd
10: positive even
