1
2
3
4
5
6
7
8
9
10
6
7
8
9
10
Risotto
otto
8
8
otto
Risottootto
1
2
3
4
5
6
7
8
9
10
6
7
8
9
10
