62
first: 1
second: 2
first: 3
second: 4
first: 5
second: 6
first: 7
second: 8
first: 9
second: 10
